\BOOKMARK [1][-]{Doc-Start}{\376\377\000D\000o\000k\000u\000m\000e\000n\000t\000\374\000b\000e\000r\000s\000i\000c\000h\000t}{}% 1
\BOOKMARK [1][-]{section.1}{\376\377\000E\000i\000n\000l\000e\000i\000t\000u\000n\000g}{}% 2
\BOOKMARK [2][-]{subsection.1.1}{\376\377\000P\000r\000o\000b\000l\000e\000m\000s\000t\000e\000l\000l\000u\000n\000g}{section.1}% 3
\BOOKMARK [2][-]{subsection.1.2}{\376\377\000Z\000i\000e\000l\000e}{section.1}% 4
\BOOKMARK [2][-]{subsection.1.3}{\376\377\000A\000b\000g\000r\000e\000n\000z\000u\000n\000g}{section.1}% 5
\BOOKMARK [1][-]{section.2}{\376\377\000G\000r\000u\000n\000d\000l\000a\000g\000e\000n}{}% 6
\BOOKMARK [2][-]{subsection.2.1}{\376\377\000M\000i\000c\000r\000o\000s\000e\000r\000v\000i\000c\000e\000s\000\040\000u\000n\000d\000\040\000G\000a\000t\000e\000w\000a\000y}{section.2}% 7
\BOOKMARK [2][-]{subsection.2.2}{\376\377\000F\000a\000s\000s\000a\000d\000e\000\040\000u\000n\000d\000\040\000P\000r\000o\000v\000i\000d\000e\000r\000-\000S\000t\000r\000a\000t\000e\000g\000i\000e\000n}{section.2}% 8
\BOOKMARK [2][-]{subsection.2.3}{\376\377\000S\000A\000G\000A\000\040\000s\000t\000a\000t\000t\000\040\000v\000e\000r\000t\000e\000i\000l\000t\000e\000r\000\040\000A\000C\000I\000D\000-\000T\000r\000a\000n\000s\000a\000k\000t\000i\000o\000n}{section.2}% 9
\BOOKMARK [2][-]{subsection.2.4}{\376\377\000E\000v\000e\000n\000t\000\040\000S\000o\000u\000r\000c\000i\000n\000g\000\040\000L\000i\000g\000h\000t\000\040\000u\000n\000d\000\040\000B\000e\000o\000b\000a\000c\000h\000t\000b\000a\000r\000k\000e\000i\000t}{section.2}% 10
\BOOKMARK [2][-]{subsection.2.5}{\376\377\000S\000y\000n\000c\000h\000r\000o\000n\000\040\000u\000n\000d\000\040\000a\000s\000y\000n\000c\000h\000r\000o\000n}{section.2}% 11
\BOOKMARK [1][-]{section.3}{\376\377\000S\000y\000s\000t\000e\000m\000a\000r\000c\000h\000i\000t\000e\000k\000t\000u\000r}{}% 12
\BOOKMARK [2][-]{subsection.3.1}{\376\377\000K\000o\000m\000p\000o\000n\000e\000n\000t\000e\000n\000\040\000u\000n\000d\000\040\000V\000e\000r\000a\000n\000t\000w\000o\000r\000t\000l\000i\000c\000h\000k\000e\000i\000t\000e\000n}{section.3}% 13
\BOOKMARK [2][-]{subsection.3.2}{\376\377\000I\000n\000t\000e\000r\000a\000k\000t\000i\000o\000n\000e\000n\000\040\000i\000m\000\040\000H\000a\000p\000p\000y\000\040\000P\000a\000t\000h}{section.3}% 14
\BOOKMARK [2][-]{subsection.3.3}{\376\377\000S\000c\000h\000n\000i\000t\000t\000s\000t\000e\000l\000l\000e\000n\000\040\000u\000n\000d\000\040\000B\000e\000t\000r\000i\000e\000b\000s\000m\000o\000d\000e\000l\000l}{section.3}% 15
\BOOKMARK [1][-]{section.4}{\376\377\000I\000m\000p\000l\000e\000m\000e\000n\000t\000i\000e\000r\000u\000n\000g}{}% 16
\BOOKMARK [2][-]{subsection.4.1}{\376\377\000P\000a\000y\000m\000e\000n\000t\000-\000F\000a\000s\000s\000a\000d\000e}{section.4}% 17
\BOOKMARK [2][-]{subsection.4.2}{\376\377\000A\000u\000d\000i\000t\000S\000n\000a\000p\000s\000h\000o\000t\000-\000S\000c\000h\000e\000m\000a}{section.4}% 18
\BOOKMARK [2][-]{subsection.4.3}{\376\377\000K\000o\000m\000p\000e\000n\000s\000a\000t\000i\000o\000n\000s\000l\000o\000g\000i\000k}{section.4}% 19
\BOOKMARK [2][-]{subsection.4.4}{\376\377\000F\000a\000u\000l\000t\000\040\000I\000n\000j\000e\000c\000t\000i\000o\000n\000\040\000u\000n\000d\000\040\000P\000r\000\344\000s\000e\000n\000t\000a\000t\000i\000o\000n\000s\000m\000o\000d\000u\000s}{section.4}% 20
\BOOKMARK [1][-]{section.5}{\376\377\000Q\000u\000a\000l\000i\000t\000\344\000t\000s\000s\000i\000c\000h\000e\000r\000u\000n\000g}{}% 21
\BOOKMARK [2][-]{subsection.5.1}{\376\377\000T\000e\000s\000t\000s\000t\000r\000a\000t\000e\000g\000i\000e}{section.5}% 22
\BOOKMARK [2][-]{subsection.5.2}{\376\377\000A\000u\000t\000o\000m\000a\000t\000i\000s\000i\000e\000r\000t\000e\000\040\000T\000e\000s\000t\000e\000r\000g\000e\000b\000n\000i\000s\000s\000e}{section.5}% 23
\BOOKMARK [2][-]{subsection.5.3}{\376\377\000N\000a\000c\000h\000w\000e\000i\000s\000e\000\040\000d\000e\000r\000\040\000F\000e\000h\000l\000e\000r\000s\000z\000e\000n\000a\000r\000i\000e\000n}{section.5}% 24
\BOOKMARK [2][-]{subsection.5.4}{\376\377\000B\000e\000w\000e\000r\000t\000u\000n\000g\000\040\000u\000n\000d\000\040\000v\000e\000r\000b\000l\000e\000i\000b\000e\000n\000d\000e\000\040\000T\000e\000s\000t\000l\000\374\000c\000k\000e\000n}{section.5}% 25
\BOOKMARK [1][-]{section.6}{\376\377\000R\000e\000f\000l\000e\000x\000i\000o\000n}{}% 26
\BOOKMARK [2][-]{subsection.6.1}{\376\377\000G\000u\000t\000e\000\040\000E\000n\000t\000s\000c\000h\000e\000i\000d\000u\000n\000g\000e\000n}{section.6}% 27
\BOOKMARK [2][-]{subsection.6.2}{\376\377\000W\000e\000n\000i\000g\000e\000r\000\040\000g\000u\000t\000e\000\040\000E\000n\000t\000s\000c\000h\000e\000i\000d\000u\000n\000g\000e\000n}{section.6}% 28
\BOOKMARK [2][-]{subsection.6.3}{\376\377\000E\000i\000n\000g\000e\000g\000a\000n\000g\000e\000n\000e\000\040\000K\000o\000m\000p\000r\000o\000m\000i\000s\000s\000e}{section.6}% 29
\BOOKMARK [2][-]{subsection.6.4}{\376\377\000F\000a\000z\000i\000t}{section.6}% 30
\BOOKMARK [1][-]{subsection.6.4}{\376\377\000L\000i\000t\000e\000r\000a\000t\000u\000r\000\040\000u\000n\000d\000\040\000S\000t\000a\000n\000d\000a\000r\000d\000s}{}% 31
